This is dLaTeX version 0.1
{"messages": [{"severity": "warning", "message": "Did you mean to auto-size these brackets with \\left and \\right?", "line": "It should catch these: $(\\frac{a}{b})$", "num": 6, "marker": [24, 37]}, {"severity": "warning", "message": "Did you mean to auto-size these brackets with \\left and \\right?", "line": "    (\\frac{a}{b})", "num": 9, "marker": [4, 17]}, {"severity": "warning", "message": "Did you mean to auto-size these brackets with \\left and \\right?", "line": "(\\int^a_b c)", "num": 13, "marker": [0, 12]}, {"severity": "warning", "message": "Did you mean to auto-size these brackets with \\left and \\right?", "line": "\\[(\\sum^a_b c)\\]", "num": 16, "marker": [2, 14]}, {"severity": "warning", "message": "Did you mean to auto-size these brackets with \\left and \\right?", "line": "    (\\left(\\frac{a}{b}\\right))", "num": 19, "marker": [4, 29]}], "error": false}
